
> @dosc-syspro/web@0.0.0 build
> next build

   Ôû▓ Next.js 15.5.14

[MDX] updated map file in 231.33989999999994ms
   Creating an optimized production build ...
 Ô£ô Compiled successfully in 30.4s
   Linting and checking validity of types ...
   Collecting page data ...
node.exe :  ÔÜá Using edge 
runtime on a page currently 
disables static generation for 
that page
No C:\nvm4w\nodejs\npm.ps1:16 
caractere:5
+     & "$basedir/node$exe"  "$bas
edir/node_modules/npm/bin/npm-cli.
js" ...
+     ~~~~~~~~~~~~~~~~~~~~~~~~~~~~
~~~~~~~~~~~~~~~~~~~~~~~~~~~~~~~~~~
~~~
    + CategoryInfo          :     
NotSpecified: ( ÔÜá Using     
edge...n for that page:Str    
ing) [], RemoteException
    + FullyQualifiedErrorId :     
NativeCommandError
 
   Generating static pages (0/173) ...
[Error: Objects are not valid as 
a React child (found: object with 
keys {$$typeof, type, key, ref, 
props, _owner}). If you meant to 
render a collection of children, 
use an array instead.]
Error occurred prerendering page 
"/404". Read more: https://nextjs.
org/docs/messages/prerender-error
[Error: Objects are not valid as 
a React child (found: object with 
keys {$$typeof, type, key, ref, 
props, _owner}). If you meant to 
render a collection of children, 
use an array instead.]
Export encountered an error on 
/_error: /404, exiting the build.
 Ô¿» Next.js build worker exited 
with code: 1 and signal: null
npm error Lifecycle script 
`build` failed with error:
npm error code 1
npm error path C:\DEV\documentacao
-syspro\apps\web
npm error workspace 
@dosc-syspro/web@0.0.0
npm error location C:\DEV\document
acao-syspro\apps\web
npm error command failed
npm error command 
C:\Windows\system32\cmd.exe /d /s 
/c next build
